Processing /tmp/branddeck-criteria-audit.TZjsAv/clean-source
  Preparing metadata (pyproject.toml): started
  Preparing metadata (pyproject.toml): finished with status 'done'

[notice] A new release of pip is available: 24.3.1 -> 26.2.1
[notice] To update, run: /Users/areluv/Downloads/путь в ML p.1/vk/lct_vk/.venv/bin/python -m pip install --upgrade pip
ERROR: Exception:
Traceback (most recent call last):
  File "/Users/areluv/Downloads/путь в ML p.1/vk/lct_vk/.venv/lib/python3.13/site-packages/pip/_internal/cli/base_command.py", line 105, in _run_wrapper
    status = _inner_run()
  File "/Users/areluv/Downloads/путь в ML p.1/vk/lct_vk/.venv/lib/python3.13/site-packages/pip/_internal/cli/base_command.py", line 96, in _inner_run
    return self.run(options, args)
           ~~~~~~~~^^^^^^^^^^^^^^^
  File "/Users/areluv/Downloads/путь в ML p.1/vk/lct_vk/.venv/lib/python3.13/site-packages/pip/_internal/cli/req_command.py", line 67, in wrapper
    return func(self, options, args)
  File "/Users/areluv/Downloads/путь в ML p.1/vk/lct_vk/.venv/lib/python3.13/site-packages/pip/_internal/commands/wheel.py", line 147, in run
    requirement_set = resolver.resolve(reqs, check_supported_wheels=True)
  File "/Users/areluv/Downloads/путь в ML p.1/vk/lct_vk/.venv/lib/python3.13/site-packages/pip/_internal/resolution/resolvelib/resolver.py", line 76, in resolve
    collected = self.factory.collect_root_requirements(root_reqs)
  File "/Users/areluv/Downloads/путь в ML p.1/vk/lct_vk/.venv/lib/python3.13/site-packages/pip/_internal/resolution/resolvelib/factory.py", line 545, in collect_root_requirements
    reqs = list(
        self._make_requirements_from_install_req(
    ...<2 lines>...
        )
    )
  File "/Users/areluv/Downloads/путь в ML p.1/vk/lct_vk/.venv/lib/python3.13/site-packages/pip/_internal/resolution/resolvelib/factory.py", line 501, in _make_requirements_from_install_req
    cand = self._make_base_candidate_from_link(
        ireq.link,
    ...<2 lines>...
        version=None,
    )
  File "/Users/areluv/Downloads/путь в ML p.1/vk/lct_vk/.venv/lib/python3.13/site-packages/pip/_internal/resolution/resolvelib/factory.py", line 233, in _make_base_candidate_from_link
    self._link_candidate_cache[link] = LinkCandidate(
                                       ~~~~~~~~~~~~~^
        link,
        ^^^^^
    ...<3 lines>...
        version=version,
        ^^^^^^^^^^^^^^^^
    )
    ^
  File "/Users/areluv/Downloads/путь в ML p.1/vk/lct_vk/.venv/lib/python3.13/site-packages/pip/_internal/resolution/resolvelib/candidates.py", line 304, in __init__
    super().__init__(
    ~~~~~~~~~~~~~~~~^
        link=link,
        ^^^^^^^^^^
    ...<4 lines>...
        version=version,
        ^^^^^^^^^^^^^^^^
    )
    ^
  File "/Users/areluv/Downloads/путь в ML p.1/vk/lct_vk/.venv/lib/python3.13/site-packages/pip/_internal/resolution/resolvelib/candidates.py", line 159, in __init__
    self.dist = self._prepare()
                ~~~~~~~~~~~~~^^
  File "/Users/areluv/Downloads/путь в ML p.1/vk/lct_vk/.venv/lib/python3.13/site-packages/pip/_internal/resolution/resolvelib/candidates.py", line 236, in _prepare
    dist = self._prepare_distribution()
  File "/Users/areluv/Downloads/путь в ML p.1/vk/lct_vk/.venv/lib/python3.13/site-packages/pip/_internal/resolution/resolvelib/candidates.py", line 315, in _prepare_distribution
    return preparer.prepare_linked_requirement(self._ireq, parallel_builds=True)
           ~~~~~~~~~~~~~~~~~~~~~~~~~~~~~~~~~~~^^^^^^^^^^^^^^^^^^^^^^^^^^^^^^^^^^
  File "/Users/areluv/Downloads/путь в ML p.1/vk/lct_vk/.venv/lib/python3.13/site-packages/pip/_internal/operations/prepare.py", line 527, in prepare_linked_requirement
    return self._prepare_linked_requirement(req, parallel_builds)
           ~~~~~~~~~~~~~~~~~~~~~~~~~~~~~~~~^^^^^^^^^^^^^^^^^^^^^^
  File "/Users/areluv/Downloads/путь в ML p.1/vk/lct_vk/.venv/lib/python3.13/site-packages/pip/_internal/operations/prepare.py", line 642, in _prepare_linked_requirement
    dist = _get_prepared_distribution(
        req,
    ...<3 lines>...
        self.check_build_deps,
    )
  File "/Users/areluv/Downloads/путь в ML p.1/vk/lct_vk/.venv/lib/python3.13/site-packages/pip/_internal/operations/prepare.py", line 72, in _get_prepared_distribution
    abstract_dist.prepare_distribution_metadata(
    ~~~~~~~~~~~~~~~~~~~~~~~~~~~~~~~~~~~~~~~~~~~^
        finder, build_isolation, check_build_deps
        ^^^^^^^^^^^^^^^^^^^^^^^^^^^^^^^^^^^^^^^^^
    )
    ^
  File "/Users/areluv/Downloads/путь в ML p.1/vk/lct_vk/.venv/lib/python3.13/site-packages/pip/_internal/distributions/sdist.py", line 69, in prepare_distribution_metadata
    self.req.prepare_metadata()
    ~~~~~~~~~~~~~~~~~~~~~~~~~^^
  File "/Users/areluv/Downloads/путь в ML p.1/vk/lct_vk/.venv/lib/python3.13/site-packages/pip/_internal/req/req_install.py", line 575, in prepare_metadata
    self.metadata_directory = generate_metadata(
                              ~~~~~~~~~~~~~~~~~^
        build_env=self.build_env,
        ^^^^^^^^^^^^^^^^^^^^^^^^^
        backend=self.pep517_backend,
        ^^^^^^^^^^^^^^^^^^^^^^^^^^^^
        details=details,
        ^^^^^^^^^^^^^^^^
    )
    ^
  File "/Users/areluv/Downloads/путь в ML p.1/vk/lct_vk/.venv/lib/python3.13/site-packages/pip/_internal/operations/build/metadata.py", line 35, in generate_metadata
    distinfo_dir = backend.prepare_metadata_for_build_wheel(metadata_dir)
  File "/Users/areluv/Downloads/путь в ML p.1/vk/lct_vk/.venv/lib/python3.13/site-packages/pip/_internal/utils/misc.py", line 722, in prepare_metadata_for_build_wheel
    return super().prepare_metadata_for_build_wheel(
           ~~~~~~~~~~~~~~~~~~~~~~~~~~~~~~~~~~~~~~~~^
        metadata_directory=metadata_directory,
        ^^^^^^^^^^^^^^^^^^^^^^^^^^^^^^^^^^^^^^
        config_settings=cs,
        ^^^^^^^^^^^^^^^^^^^
        _allow_fallback=_allow_fallback,
        ^^^^^^^^^^^^^^^^^^^^^^^^^^^^^^^^
    )
    ^
  File "/Users/areluv/Downloads/путь в ML p.1/vk/lct_vk/.venv/lib/python3.13/site-packages/pip/_vendor/pyproject_hooks/_impl.py", line 186, in prepare_metadata_for_build_wheel
    return self._call_hook('prepare_metadata_for_build_wheel', {
           ~~~~~~~~~~~~~~~^^^^^^^^^^^^^^^^^^^^^^^^^^^^^^^^^^^^^^
        'metadata_directory': abspath(metadata_directory),
        ^^^^^^^^^^^^^^^^^^^^^^^^^^^^^^^^^^^^^^^^^^^^^^^^^^
        'config_settings': config_settings,
        ^^^^^^^^^^^^^^^^^^^^^^^^^^^^^^^^^^^
        '_allow_fallback': _allow_fallback,
        ^^^^^^^^^^^^^^^^^^^^^^^^^^^^^^^^^^^
    })
    ^^
  File "/Users/areluv/Downloads/путь в ML p.1/vk/lct_vk/.venv/lib/python3.13/site-packages/pip/_vendor/pyproject_hooks/_impl.py", line 321, in _call_hook
    raise BackendUnavailable(data.get('traceback', ''))
pip._vendor.pyproject_hooks._impl.BackendUnavailable: Traceback (most recent call last):
  File "/Users/areluv/Downloads/путь в ML p.1/vk/lct_vk/.venv/lib/python3.13/site-packages/pip/_vendor/pyproject_hooks/_in_process/_in_process.py", line 77, in _build_backend
    obj = import_module(mod_path)
  File "/Library/Frameworks/Python.framework/Versions/3.13/lib/python3.13/importlib/__init__.py", line 88, in import_module
    return _bootstrap._gcd_import(name[level:], package, level)
           ~~~~~~~~~~~~~~~~~~~~~~^^^^^^^^^^^^^^^^^^^^^^^^^^^^^^
  File "<frozen importlib._bootstrap>", line 1387, in _gcd_import
  File "<frozen importlib._bootstrap>", line 1360, in _find_and_load
  File "<frozen importlib._bootstrap>", line 1310, in _find_and_load_unlocked
  File "<frozen importlib._bootstrap>", line 488, in _call_with_frames_removed
  File "<frozen importlib._bootstrap>", line 1387, in _gcd_import
  File "<frozen importlib._bootstrap>", line 1360, in _find_and_load
  File "<frozen importlib._bootstrap>", line 1324, in _find_and_load_unlocked
ModuleNotFoundError: No module named 'setuptools'

